// Jest Snapshot v1, https://goo.gl/fbAQLP

exports[`renders correctly 1`] = `
<div
  className="d-flex justify-content-center entry-form-spacing"
>
  <form
    className="form-inline"
    onSubmit={[Function]}
  >
    <div
      className="form-group "
    >
      <input
        className="form-control sm-8 mb-2"
        id="url"
        onChange={[Function]}
        placeholder="Enter URL to shorten"
        type="field"
        value=""
      />
    </div>
    <button
      className="btn btn-primary mx-sm-3 mb-2"
      onClick={[Function]}
      type="button"
    >
      Create Short URL
    </button>
  </form>
</div>
`;
